2025-04-30 11:18:50,318 CRIT Supervisor is running as root.  Privileges were not dropped because no user is specified in the config file.  If you intend to run as root, you can set user=root in the config file to avoid this message.
2025-04-30 11:18:50,319 INFO supervisord started with pid 1
2025-04-30 11:18:51,328 INFO spawned: 'flask_app' with pid 7
2025-04-30 11:18:51,329 INFO spawned: 'tracker' with pid 8
2025-04-30 11:18:51,348 WARN exited: flask_app (exit status 1; not expected)
2025-04-30 11:18:51,424 WARN exited: tracker (exit status 1; not expected)
2025-04-30 11:18:52,426 INFO spawned: 'flask_app' with pid 9
2025-04-30 11:18:52,427 INFO spawned: 'tracker' with pid 10
2025-04-30 11:18:52,437 WARN exited: flask_app (exit status 1; not expected)
2025-04-30 11:18:52,449 WARN exited: tracker (exit status 1; not expected)
2025-04-30 11:18:54,452 INFO spawned: 'flask_app' with pid 11
2025-04-30 11:18:54,453 INFO spawned: 'tracker' with pid 12
2025-04-30 11:18:54,463 WARN exited: flask_app (exit status 1; not expected)
2025-04-30 11:18:54,475 WARN exited: tracker (exit status 1; not expected)
2025-04-30 11:18:57,479 INFO spawned: 'flask_app' with pid 13
2025-04-30 11:18:57,480 INFO spawned: 'tracker' with pid 14
2025-04-30 11:18:57,498 WARN exited: flask_app (exit status 1; not expected)
2025-04-30 11:18:57,506 INFO gave up: flask_app entered FATAL state, too many start retries too quickly
2025-04-30 11:18:57,509 WARN exited: tracker (exit status 1; not expected)
2025-04-30 11:18:58,509 INFO gave up: tracker entered FATAL state, too many start retries too quickly
2025-04-30 11:39:10,797 WARN received SIGTERM indicating exit request
2025-04-30 11:39:12,771 CRIT Supervisor is running as root.  Privileges were not dropped because no user is specified in the config file.  If you intend to run as root, you can set user=root in the config file to avoid this message.
2025-04-30 11:39:12,772 INFO supervisord started with pid 1
2025-04-30 11:39:13,780 INFO spawned: 'flask_app' with pid 7
2025-04-30 11:39:13,783 INFO spawned: 'tracker' with pid 8
2025-04-30 11:39:13,798 WARN exited: flask_app (exit status 1; not expected)
2025-04-30 11:39:13,872 WARN exited: tracker (exit status 1; not expected)
2025-04-30 11:39:14,877 INFO spawned: 'flask_app' with pid 9
2025-04-30 11:39:14,879 INFO spawned: 'tracker' with pid 10
2025-04-30 11:39:14,888 WARN exited: flask_app (exit status 1; not expected)
2025-04-30 11:39:14,903 WARN exited: tracker (exit status 1; not expected)
2025-04-30 11:39:16,908 INFO spawned: 'flask_app' with pid 17
2025-04-30 11:39:16,911 INFO spawned: 'tracker' with pid 18
2025-04-30 11:39:16,920 WARN exited: flask_app (exit status 1; not expected)
2025-04-30 11:39:16,933 WARN exited: tracker (exit status 1; not expected)
2025-04-30 11:39:19,939 INFO spawned: 'flask_app' with pid 19
2025-04-30 11:39:19,943 INFO spawned: 'tracker' with pid 20
2025-04-30 11:39:19,986 WARN exited: flask_app (exit status 1; not expected)
2025-04-30 11:39:20,002 INFO gave up: flask_app entered FATAL state, too many start retries too quickly
2025-04-30 11:39:20,006 WARN exited: tracker (exit status 1; not expected)
2025-04-30 11:39:21,007 INFO gave up: tracker entered FATAL state, too many start retries too quickly
2025-04-30 12:03:09,657 WARN received SIGTERM indicating exit request
2025-04-30 12:03:10,762 CRIT Supervisor is running as root.  Privileges were not dropped because no user is specified in the config file.  If you intend to run as root, you can set user=root in the config file to avoid this message.
2025-04-30 12:03:10,763 INFO supervisord started with pid 1
2025-04-30 12:03:11,768 INFO spawned: 'flask_app' with pid 7
2025-04-30 12:03:11,772 INFO spawned: 'tracker' with pid 8
2025-04-30 12:03:11,802 WARN exited: tracker (exit status 1; not expected)
2025-04-30 12:03:12,890 INFO success: flask_app entered RUNNING state, process has stayed up for > than 1 seconds (startsecs)
2025-04-30 12:03:12,894 INFO spawned: 'tracker' with pid 9
2025-04-30 12:03:13,896 INFO success: tracker entered RUNNING state, process has stayed up for > than 1 seconds (startsecs)
