Traceback (most recent call last):
  File "/tf/start_training/queue/app.py", line 1, in <module>
    from flask import Flask, request, jsonify
ModuleNotFoundError: No module named 'flask'
Traceback (most recent call last):
  File "/tf/start_training/queue/app.py", line 1, in <module>
    from flask import Flask, request, jsonify
ModuleNotFoundError: No module named 'flask'
Traceback (most recent call last):
  File "/tf/start_training/queue/app.py", line 1, in <module>
    from flask import Flask, request, jsonify
ModuleNotFoundError: No module named 'flask'
Traceback (most recent call last):
  File "/tf/start_training/queue/app.py", line 1, in <module>
    from flask import Flask, request, jsonify
ModuleNotFoundError: No module named 'flask'
Traceback (most recent call last):
  File "/tf/start_training/queue/app.py", line 1, in <module>
    from flask import Flask, request, jsonify
ModuleNotFoundError: No module named 'flask'
Traceback (most recent call last):
  File "/tf/start_training/queue/app.py", line 1, in <module>
    from flask import Flask, request, jsonify
ModuleNotFoundError: No module named 'flask'
Traceback (most recent call last):
  File "/tf/start_training/queue/app.py", line 1, in <module>
    from flask import Flask, request, jsonify
ModuleNotFoundError: No module named 'flask'
Traceback (most recent call last):
  File "/tf/start_training/queue/app.py", line 1, in <module>
    from flask import Flask, request, jsonify
ModuleNotFoundError: No module named 'flask'
[31m[1mWARNING: This is a development server. Do not use it in a production deployment. Use a production WSGI server instead.[0m
 * Running on all addresses (0.0.0.0)
 * Running on http://127.0.0.1:3000
 * Running on http://172.20.0.2:3000
[33mPress CTRL+C to quit[0m
192.168.100.119 - - [30/Apr/2025 12:05:26] "POST /push-queue HTTP/1.1" 200 -
192.168.100.119 - - [30/Apr/2025 12:09:17] "POST /push-queue HTTP/1.1" 200 -
[31m[1mWARNING: This is a development server. Do not use it in a production deployment. Use a production WSGI server instead.[0m
 * Running on all addresses (0.0.0.0)
 * Running on http://127.0.0.1:3000
 * Running on http://172.20.0.2:3000
[33mPress CTRL+C to quit[0m
